<html>
<body>
<pre>
<h1>µVision Build Log</h1>
<h2>Tool Versions:</h2>
IDE-Version: ¦ÌVision V5.14.0.0
Copyright (C) 2015 ARM Ltd and ARM Germany GmbH. All rights reserved.
License Information: Microsoft, Microsoft, LIC=V8545-GP41I-XASDC-7VY2T-DYASE-09VHV
 
Tool Versions:
Toolchain:       MDK-ARM Professional  Version: 5.14.0.0
Toolchain Path:  D:\Keil_v514\ARM\ARMCC\Bin
C Compiler:      Armcc.exe V5.05 update 1 (build 106)
Assembler:       Armasm.exe V5.05 update 1 (build 106)
Linker/Locator:  ArmLink.exe V5.05 update 1 (build 106)
Library Manager: ArmAr.exe V5.05 update 1 (build 106)
Hex Converter:   FromElf.exe V5.05 update 1 (build 106)
CPU DLL:         SARMCM3.DLL V5.14.0.0
Dialog DLL:      DARMCM1.DLL V1.12.0.0
Target DLL:      STLink\ST-LINKIII-KEIL_SWO.dll V2.0.14.0_KEIL
Dialog DLL:      TARMCM1.DLL V1.9.0.0
 
<h2>Project:</h2>
C:\Users\Moonlight\Desktop\Home_Control_8_v3.0_STM32F030C8T6\Project\Home_Control_8_v3.0.uvprojx
Project File Date:  07/17/2018

<h2>Output:</h2>
Build target 'Target 1'
compiling bsp_relay.c...
linking...
Program Size: Code=5992 RO-data=212 RW-data=272 ZI-data=1656  
FromELF: creating hex file...
"..\Output\Home_Control_8_v3.0" - 0 Error(s), 0 Warning(s).

<h2>Software Packages used:</h2>

Package Vendor: ARM
                http://www.keil.com/pack/ARM.CMSIS.5.3.0.pack
                ARM::CMSIS:CORE:5.1.1
                CMSIS (Cortex Microcontroller Software Interface Standard)
   * Component: CORE Version: 5.1.1

Package Vendor: Keil
                http://www.keil.com/pack/Keil.STM32F0xx_DFP.1.4.0.pack
                Keil::Device:Startup:1.5.0
                STMicroelectronics STM32F0 Series Device Support and Examples
   * Component: Startup Version: 1.5.0

<h2>Collection of Component include folders:</h2>
  C:\Users\Moonlight\Desktop\Home_Control_8_v3.0_STM32F030C8T6\Project\RTE
  D:\Keil_v514\ARM\PACK\ARM\CMSIS\5.3.0\CMSIS\Include
  D:\Keil_v514\ARM\PACK\Keil\STM32F0xx_DFP\1.4.0\Device\Include

<h2>Collection of Component Files used:</h2>

   * Component: ARM::CMSIS:CORE:5.1.1

   * Component: Keil::Device:Startup:1.5.0
      Source file:   Device\Source\ARM\startup_stm32f030.s
      Source file:   Device\Source\system_stm32f0xx.c
      Source file:   Device\Source\ARM\STM32F0xx_OPT.s
</pre>
</body>
</html>
